Log test message
